[1mJ2 Content Batch Fill —  5 Haz 2026 Cum +03 14:18:04[0m
PD endpoint: http://localhost:3001
Session log: scripts/../.batch_logs/20260605_141804.log
[36m────────────────────────────────────────────────────────────[0m

[1m[36m▶ Connectivity check[0m
[32m✓ PD reachable.[0m
[36m────────────────────────────────────────────────────────────[0m

[1m── PHASE 1: GLOSSARY (10 batches) ──[0m

[1m[36m▶ Glossary 01/10 — global/en[0m
  POST http://localhost:3001/api/glossary/run
  body: {"locale":"en","countryCode":"global","limit":8}
[31m✗ curl failed: curl: (52) Empty reply from server[0m

[1m[36m▶ Glossary 02/10 — US/en[0m
  POST http://localhost:3001/api/glossary/run
  body: {"locale":"en","countryCode":"US","countryName":"United States","limit":8}
[31m✗ curl failed: curl: (7) Failed to connect to localhost port 3001 after 0 ms: Couldn't connect to server[0m

[1m[36m▶ Glossary 03/10 — GB/en[0m
  POST http://localhost:3001/api/glossary/run
  body: {"locale":"en","countryCode":"GB","countryName":"United Kingdom","limit":8}
[31m✗ curl failed: curl: (7) Failed to connect to localhost port 3001 after 0 ms: Couldn't connect to server[0m

[1m[36m▶ Glossary 04/10 — DE/en[0m
  POST http://localhost:3001/api/glossary/run
  body: {"locale":"en","countryCode":"DE","countryName":"Germany","limit":8}
[31m✗ curl failed: curl: (7) Failed to connect to localhost port 3001 after 0 ms: Couldn't connect to server[0m

[1m[36m▶ Glossary 05/10 — JP/en[0m
  POST http://localhost:3001/api/glossary/run
  body: {"locale":"en","countryCode":"JP","countryName":"Japan","limit":8}
[31m✗ curl failed: curl: (7) Failed to connect to localhost port 3001 after 0 ms: Couldn't connect to server[0m

[1m[36m▶ Glossary 06/10 — global/tr[0m
  POST http://localhost:3001/api/glossary/run
  body: {"locale":"tr","countryCode":"global","limit":8}
[31m✗ curl failed: curl: (7) Failed to connect to localhost port 3001 after 0 ms: Couldn't connect to server[0m

[1m[36m▶ Glossary 07/10 — US/tr[0m
  POST http://localhost:3001/api/glossary/run
  body: {"locale":"tr","countryCode":"US","countryName":"ABD","limit":8}
[31m✗ curl failed: curl: (7) Failed to connect to localhost port 3001 after 0 ms: Couldn't connect to server[0m

[1m[36m▶ Glossary 08/10 — GB/tr[0m
  POST http://localhost:3001/api/glossary/run
  body: {"locale":"tr","countryCode":"GB","countryName":"Birleşik Krallık","limit":8}
[31m✗ curl failed: curl: (7) Failed to connect to localhost port 3001 after 0 ms: Couldn't connect to server[0m

[1m[36m▶ Glossary 09/10 — DE/tr[0m
  POST http://localhost:3001/api/glossary/run
  body: {"locale":"tr","countryCode":"DE","countryName":"Almanya","limit":8}
[31m✗ curl failed: curl: (7) Failed to connect to localhost port 3001 after 0 ms: Couldn't connect to server[0m

[1m[36m▶ Glossary 10/10 — JP/tr[0m
  POST http://localhost:3001/api/glossary/run
  body: {"locale":"tr","countryCode":"JP","countryName":"Japonya","limit":8}
[31m✗ curl failed: curl: (7) Failed to connect to localhost port 3001 after 0 ms: Couldn't connect to server[0m
[36m────────────────────────────────────────────────────────────[0m

[1m── PHASE 2: RESEARCH (5 articles) ──[0m

[1m[36m▶ Research 1/5 — global/en[0m
  POST http://localhost:3001/api/research/run
  body: {"locale":"en","countryCode":"global"}
[31m✗ curl failed: curl: (7) Failed to connect to localhost port 3001 after 0 ms: Couldn't connect to server[0m

[1m[36m▶ Research 2/5 — US/en[0m
  POST http://localhost:3001/api/research/run
  body: {"locale":"en","countryCode":"US","countryName":"United States"}
[31m✗ curl failed: curl: (7) Failed to connect to localhost port 3001 after 0 ms: Couldn't connect to server[0m

[1m[36m▶ Research 3/5 — GB/en[0m
  POST http://localhost:3001/api/research/run
  body: {"locale":"en","countryCode":"GB","countryName":"United Kingdom"}
[31m✗ curl failed: curl: (7) Failed to connect to localhost port 3001 after 0 ms: Couldn't connect to server[0m

[1m[36m▶ Research 4/5 — DE/en[0m
  POST http://localhost:3001/api/research/run
  body: {"locale":"en","countryCode":"DE","countryName":"Germany"}
[31m✗ curl failed: curl: (7) Failed to connect to localhost port 3001 after 0 ms: Couldn't connect to server[0m

[1m[36m▶ Research 5/5 — JP/en[0m
  POST http://localhost:3001/api/research/run
  body: {"locale":"en","countryCode":"JP","countryName":"Japan"}
[31m✗ curl failed: [0m
[36m────────────────────────────────────────────────────────────[0m

[1m── PHASE 3: PER-COUNTRY PULSE (5 ülke × 2 locale = 10 pulse) ──[0m

[1m[36m▶ Per-country Pulse batch[0m
  POST http://localhost:3001/api/thi/generate-country-pulse
  body: {"locales":["en","tr"],"publish":true}
[31m✗ curl failed: curl: (7) Failed to connect to localhost port 3001 after 0 ms: Couldn't connect to server[0m
[36m────────────────────────────────────────────────────────────[0m

[1m[32mAll phases done.[0m
Full session log: scripts/../.batch_logs/20260605_141804.log

Next: rerun scripts/content_audit.sql in Supabase to verify growth.
