[1mStubborn pulses retry (10 pairs, 300s timeout) —  6 Haz 2026 Cmt +03 01:12:58[0m
Log: scripts/../.batch_logs/stubborn_20260606_011258.log

[1/10] [1mBR/fr[0m
  [33m⚠ (64s) val: body has no markdown headings[0m

[2/10] [1mBR/nl[0m
  [33m⚠ (70s) val: body has no markdown headings[0m

[3/10] [1mDE/nl[0m
  [31m✗ (55s) error: Supabase insert commentary: 409 — {"code":"23505","details":"Key (country_code, locale, slug)=(DE, n[0m

[4/10] [1mFR/it[0m
  [33m⚠ (64s) val: body has no markdown headings[0m

[5/10] [1mGB/fr[0m
  [31m✗ (45s) error: Supabase insert commentary: 409 — {"code":"23505","details":"Key (country_code, locale, slug)=(GB, f[0m

[6/10] [1mBR/pt-br[0m
  [31m✗ (70s) error: Supabase insert commentary: 409 — {"code":"23505","details":"Key (country_code, locale, slug)=(BR, p[0m

[7/10] [1mES/it[0m
  [32m✓ (57s) Spagna: Sotto la Calma Apparente, Tre Crisi Convergono[0m

[8/10] [1mES/nl[0m
  [33m⚠ (72s) val: body has no markdown headings[0m

[9/10] [1mFR/ja[0m
  [32m✓ (80s) フランス、AI不安が静かに侵食する「適度な安定」[0m

[10/10] [1mUS/fr[0m
  [31m✗ (41s) error: Supabase insert commentary: 409 — {"code":"23505","details":"Key (country_code, locale, slug)=(US, f[0m

[1m── Summary ──[0m
  Retried:      10
  Published:    [32m2[0m
  Validation:   4
  Failed:       4
  Timeouts:     0
  Wall time:    619s (10min)
Log: scripts/../.batch_logs/stubborn_20260606_011258.log
